Archive member included to satisfy reference by file (symbol)

/opt/st/stm32cubeide_1.9.0/plugins/com.st.stm32cube.ide.mcu.externaltools.gnu-tools-for-stm32.10.3-2021.10.linux64_1.0.0.202111181127/tools/bin/../lib/gcc/arm-none-eabi/10.3.1/../../../../arm-none-eabi/lib/thumb/v6-m/nofp/libc_nano.a(lib_a-errno.o)
                              ./Core/Src/syscalls.o (__errno)
/opt/st/stm32cubeide_1.9.0/plugins/com.st.stm32cube.ide.mcu.externaltools.gnu-tools-for-stm32.10.3-2021.10.linux64_1.0.0.202111181127/tools/bin/../lib/gcc/arm-none-eabi/10.3.1/../../../../arm-none-eabi/lib/thumb/v6-m/nofp/libc_nano.a(lib_a-exit.o)
                              /opt/st/stm32cubeide_1.9.0/plugins/com.st.stm32cube.ide.mcu.externaltools.gnu-tools-for-stm32.10.3-2021.10.linux64_1.0.0.202111181127/tools/bin/../lib/gcc/arm-none-eabi/10.3.1/../../../../arm-none-eabi/lib/thumb/v6-m/nofp/crt0.o (exit)
/opt/st/stm32cubeide_1.9.0/plugins/com.st.stm32cube.ide.mcu.externaltools.gnu-tools-for-stm32.10.3-2021.10.linux64_1.0.0.202111181127/tools/bin/../lib/gcc/arm-none-eabi/10.3.1/../../../../arm-none-eabi/lib/thumb/v6-m/nofp/libc_nano.a(lib_a-impure.o)
                              /opt/st/stm32cubeide_1.9.0/plugins/com.st.stm32cube.ide.mcu.externaltools.gnu-tools-for-stm32.10.3-2021.10.linux64_1.0.0.202111181127/tools/bin/../lib/gcc/arm-none-eabi/10.3.1/../../../../arm-none-eabi/lib/thumb/v6-m/nofp/libc_nano.a(lib_a-exit.o) (_global_impure_ptr)
/opt/st/stm32cubeide_1.9.0/plugins/com.st.stm32cube.ide.mcu.externaltools.gnu-tools-for-stm32.10.3-2021.10.linux64_1.0.0.202111181127/tools/bin/../lib/gcc/arm-none-eabi/10.3.1/../../../../arm-none-eabi/lib/thumb/v6-m/nofp/libc_nano.a(lib_a-init.o)
                              /opt/st/stm32cubeide_1.9.0/plugins/com.st.stm32cube.ide.mcu.externaltools.gnu-tools-for-stm32.10.3-2021.10.linux64_1.0.0.202111181127/tools/bin/../lib/gcc/arm-none-eabi/10.3.1/../../../../arm-none-eabi/lib/thumb/v6-m/nofp/crt0.o (__libc_init_array)
/opt/st/stm32cubeide_1.9.0/plugins/com.st.stm32cube.ide.mcu.externaltools.gnu-tools-for-stm32.10.3-2021.10.linux64_1.0.0.202111181127/tools/bin/../lib/gcc/arm-none-eabi/10.3.1/../../../../arm-none-eabi/lib/thumb/v6-m/nofp/libc_nano.a(lib_a-memset.o)
                              /opt/st/stm32cubeide_1.9.0/plugins/com.st.stm32cube.ide.mcu.externaltools.gnu-tools-for-stm32.10.3-2021.10.linux64_1.0.0.202111181127/tools/bin/../lib/gcc/arm-none-eabi/10.3.1/../../../../arm-none-eabi/lib/thumb/v6-m/nofp/crt0.o (memset)
/opt/st/stm32cubeide_1.9.0/plugins/com.st.stm32cube.ide.mcu.externaltools.gnu-tools-for-stm32.10.3-2021.10.linux64_1.0.0.202111181127/tools/bin/../lib/gcc/arm-none-eabi/10.3.1/thumb/v6-m/nofp/libgcc.a(_udivsi3.o)
                              ./Core/Src/system_stm32f0xx.o (__aeabi_uidiv)
/opt/st/stm32cubeide_1.9.0/plugins/com.st.stm32cube.ide.mcu.externaltools.gnu-tools-for-stm32.10.3-2021.10.linux64_1.0.0.202111181127/tools/bin/../lib/gcc/arm-none-eabi/10.3.1/thumb/v6-m/nofp/libgcc.a(_dvmd_tls.o)
                              /opt/st/stm32cubeide_1.9.0/plugins/com.st.stm32cube.ide.mcu.externaltools.gnu-tools-for-stm32.10.3-2021.10.linux64_1.0.0.202111181127/tools/bin/../lib/gcc/arm-none-eabi/10.3.1/thumb/v6-m/nofp/libgcc.a(_udivsi3.o) (__aeabi_idiv0)

Discarded input sections

 .text          0x0000000000000000        0x0 /opt/st/stm32cubeide_1.9.0/plugins/com.st.stm32cube.ide.mcu.externaltools.gnu-tools-for-stm32.10.3-2021.10.linux64_1.0.0.202111181127/tools/bin/../lib/gcc/arm-none-eabi/10.3.1/thumb/v6-m/nofp/crti.o
 .data          0x0000000000000000        0x0 /opt/st/stm32cubeide_1.9.0/plugins/com.st.stm32cube.ide.mcu.externaltools.gnu-tools-for-stm32.10.3-2021.10.linux64_1.0.0.202111181127/tools/bin/../lib/gcc/arm-none-eabi/10.3.1/thumb/v6-m/nofp/crti.o
 .bss           0x0000000000000000        0x0 /opt/st/stm32cubeide_1.9.0/plugins/com.st.stm32cube.ide.mcu.externaltools.gnu-tools-for-stm32.10.3-2021.10.linux64_1.0.0.202111181127/tools/bin/../lib/gcc/arm-none-eabi/10.3.1/thumb/v6-m/nofp/crti.o
 .data          0x0000000000000000        0x4 /opt/st/stm32cubeide_1.9.0/plugins/com.st.stm32cube.ide.mcu.externaltools.gnu-tools-for-stm32.10.3-2021.10.linux64_1.0.0.202111181127/tools/bin/../lib/gcc/arm-none-eabi/10.3.1/thumb/v6-m/nofp/crtbegin.o
 .rodata        0x0000000000000000       0x24 /opt/st/stm32cubeide_1.9.0/plugins/com.st.stm32cube.ide.mcu.externaltools.gnu-tools-for-stm32.10.3-2021.10.linux64_1.0.0.202111181127/tools/bin/../lib/gcc/arm-none-eabi/10.3.1/thumb/v6-m/nofp/crtbegin.o
 .text          0x0000000000000000       0x80 /opt/st/stm32cubeide_1.9.0/plugins/com.st.stm32cube.ide.mcu.externaltools.gnu-tools-for-stm32.10.3-2021.10.linux64_1.0.0.202111181127/tools/bin/../lib/gcc/arm-none-eabi/10.3.1/../../../../arm-none-eabi/lib/thumb/v6-m/nofp/crt0.o
[...]
Memory Configuration

Name             Origin             Length             Attributes
RAM              0x0000000020000000 0x0000000000001800 xrw
FLASH            0x0000000008000000 0x0000000000004000 xr
*default*        0x0000000000000000 0xffffffffffffffff

Linker script and memory map

LOAD /opt/st/stm32cubeide_1.9.0/plugins/com.st.stm32cube.ide.mcu.externaltools.gnu-tools-for-stm32.10.3-2021.10.linux64_1.0.0.202111181127/tools/bin/../lib/gcc/arm-none-eabi/10.3.1/thumb/v6-m/nofp/crti.o
LOAD /opt/st/stm32cubeide_1.9.0/plugins/com.st.stm32cube.ide.mcu.externaltools.gnu-tools-for-stm32.10.3-2021.10.linux64_1.0.0.202111181127/tools/bin/../lib/gcc/arm-none-eabi/10.3.1/thumb/v6-m/nofp/crtbegin.o
LOAD /opt/st/stm32cubeide_1.9.0/plugins/com.st.stm32cube.ide.mcu.externaltools.gnu-tools-for-stm32.10.3-2021.10.linux64_1.0.0.202111181127/tools/bin/../lib/gcc/arm-none-eabi/10.3.1/../../../../arm-none-eabi/lib/thumb/v6-m/nofp/crt0.o
LOAD ./Core/Src/main.o
LOAD ./Core/Src/stm32f0xx_hal_msp.o
LOAD ./Core/Src/stm32f0xx_it.o
LOAD ./Core/Src/syscalls.o
LOAD ./Core/Src/sysmem.o
LOAD ./Core/Src/system_stm32f0xx.o
LOAD ./Core/Startup/startup_stm32f042f4px.o
LOAD ./Drivers/STM32F0xx_HAL_Driver/Src/stm32f0xx_hal.o
LOAD ./Drivers/STM32F0xx_HAL_Driver/Src/stm32f0xx_hal_adc.o
LOAD ./Drivers/STM32F0xx_HAL_Driver/Src/stm32f0xx_hal_adc_ex.o
LOAD ./Drivers/STM32F0xx_HAL_Driver/Src/stm32f0xx_hal_can.o
LOAD ./Drivers/STM32F0xx_HAL_Driver/Src/stm32f0xx_hal_cortex.o
LOAD ./Drivers/STM32F0xx_HAL_Driver/Src/stm32f0xx_hal_dma.o
LOAD ./Drivers/STM32F0xx_HAL_Driver/Src/stm32f0xx_hal_exti.o
LOAD ./Drivers/STM32F0xx_HAL_Driver/Src/stm32f0xx_hal_flash.o
LOAD ./Drivers/STM32F0xx_HAL_Driver/Src/stm32f0xx_hal_flash_ex.o
LOAD ./Drivers/STM32F0xx_HAL_Driver/Src/stm32f0xx_hal_gpio.o
LOAD ./Drivers/STM32F0xx_HAL_Driver/Src/stm32f0xx_hal_i2c.o
LOAD ./Drivers/STM32F0xx_HAL_Driver/Src/stm32f0xx_hal_i2c_ex.o
LOAD ./Drivers/STM32F0xx_HAL_Driver/Src/stm32f0xx_hal_pwr.o
LOAD ./Drivers/STM32F0xx_HAL_Driver/Src/stm32f0xx_hal_pwr_ex.o
LOAD ./Drivers/STM32F0xx_HAL_Driver/Src/stm32f0xx_hal_rcc.o
LOAD ./Drivers/STM32F0xx_HAL_Driver/Src/stm32f0xx_hal_rcc_ex.o
LOAD ./Drivers/STM32F0xx_HAL_Driver/Src/stm32f0xx_hal_tim.o
LOAD ./Drivers/STM32F0xx_HAL_Driver/Src/stm32f0xx_hal_tim_ex.o
START GROUP
LOAD /opt/st/stm32cubeide_1.9.0/plugins/com.st.stm32cube.ide.mcu.externaltools.gnu-tools-for-stm32.10.3-2021.10.linux64_1.0.0.202111181127/tools/bin/../lib/gcc/arm-none-eabi/10.3.1/../../../../arm-none-eabi/lib/thumb/v6-m/nofp/libstdc++_nano.a
LOAD /opt/st/stm32cubeide_1.9.0/plugins/com.st.stm32cube.ide.mcu.externaltools.gnu-tools-for-stm32.10.3-2021.10.linux64_1.0.0.202111181127/tools/bin/../lib/gcc/arm-none-eabi/10.3.1/../../../../arm-none-eabi/lib/thumb/v6-m/nofp/libsupc++_nano.a
END GROUP
LOAD /opt/st/stm32cubeide_1.9.0/plugins/com.st.stm32cube.ide.mcu.externaltools.gnu-tools-for-stm32.10.3-2021.10.linux64_1.0.0.202111181127/tools/bin/../lib/gcc/arm-none-eabi/10.3.1/../../../../arm-none-eabi/lib/thumb/v6-m/nofp/libstdc++_nano.a
LOAD /opt/st/stm32cubeide_1.9.0/plugins/com.st.stm32cube.ide.mcu.externaltools.gnu-tools-for-stm32.10.3-2021.10.linux64_1.0.0.202111181127/tools/bin/../lib/gcc/arm-none-eabi/10.3.1/../../../../arm-none-eabi/lib/thumb/v6-m/nofp/libm.a
LOAD /opt/st/stm32cubeide_1.9.0/plugins/com.st.stm32cube.ide.mcu.externaltools.gnu-tools-for-stm32.10.3-2021.10.linux64_1.0.0.202111181127/tools/bin/../lib/gcc/arm-none-eabi/10.3.1/../../../../arm-none-eabi/lib/thumb/v6-m/nofp/libc_nano.a
START GROUP
LOAD /opt/st/stm32cubeide_1.9.0/plugins/com.st.stm32cube.ide.mcu.externaltools.gnu-tools-for-stm32.10.3-2021.10.linux64_1.0.0.202111181127/tools/bin/../lib/gcc/arm-none-eabi/10.3.1/thumb/v6-m/nofp/libgcc.a
LOAD /opt/st/stm32cubeide_1.9.0/plugins/com.st.stm32cube.ide.mcu.externaltools.gnu-tools-for-stm32.10.3-2021.10.linux64_1.0.0.202111181127/tools/bin/../lib/gcc/arm-none-eabi/10.3.1/../../../../arm-none-eabi/lib/thumb/v6-m/nofp/libc_nano.a
END GROUP
START GROUP
LOAD /opt/st/stm32cubeide_1.9.0/plugins/com.st.stm32cube.ide.mcu.externaltools.gnu-tools-for-stm32.10.3-2021.10.linux64_1.0.0.202111181127/tools/bin/../lib/gcc/arm-none-eabi/10.3.1/thumb/v6-m/nofp/libgcc.a
LOAD /opt/st/stm32cubeide_1.9.0/plugins/com.st.stm32cube.ide.mcu.externaltools.gnu-tools-for-stm32.10.3-2021.10.linux64_1.0.0.202111181127/tools/bin/../lib/gcc/arm-none-eabi/10.3.1/../../../../arm-none-eabi/lib/thumb/v6-m/nofp/libc_nano.a
LOAD /opt/st/stm32cubeide_1.9.0/plugins/com.st.stm32cube.ide.mcu.externaltools.gnu-tools-for-stm32.10.3-2021.10.linux64_1.0.0.202111181127/tools/bin/../lib/gcc/arm-none-eabi/10.3.1/../../../../arm-none-eabi/lib/thumb/v6-m/nofp/libnosys.a
END GROUP
START GROUP
LOAD /opt/st/stm32cubeide_1.9.0/plugins/com.st.stm32cube.ide.mcu.externaltools.gnu-tools-for-stm32.10.3-2021.10.linux64_1.0.0.202111181127/tools/bin/../lib/gcc/arm-none-eabi/10.3.1/thumb/v6-m/nofp/libgcc.a
LOAD /opt/st/stm32cubeide_1.9.0/plugins/com.st.stm32cube.ide.mcu.externaltools.gnu-tools-for-stm32.10.3-2021.10.linux64_1.0.0.202111181127/tools/bin/../lib/gcc/arm-none-eabi/10.3.1/../../../../arm-none-eabi/lib/thumb/v6-m/nofp/libc_nano.a
LOAD /opt/st/stm32cubeide_1.9.0/plugins/com.st.stm32cube.ide.mcu.externaltools.gnu-tools-for-stm32.10.3-2021.10.linux64_1.0.0.202111181127/tools/bin/../lib/gcc/arm-none-eabi/10.3.1/../../../../arm-none-eabi/lib/thumb/v6-m/nofp/libnosys.a
END GROUP
LOAD /opt/st/stm32cubeide_1.9.0/plugins/com.st.stm32cube.ide.mcu.externaltools.gnu-tools-for-stm32.10.3-2021.10.linux64_1.0.0.202111181127/tools/bin/../lib/gcc/arm-none-eabi/10.3.1/thumb/v6-m/nofp/crtend.o
LOAD /opt/st/stm32cubeide_1.9.0/plugins/com.st.stm32cube.ide.mcu.externaltools.gnu-tools-for-stm32.10.3-2021.10.linux64_1.0.0.202111181127/tools/bin/../lib/gcc/arm-none-eabi/10.3.1/thumb/v6-m/nofp/crtn.o
                0x0000000020001800                _estack = (ORIGIN (RAM) + LENGTH (RAM))
                0x0000000000000200                _Min_Heap_Size = 0x200
                0x0000000000000400                _Min_Stack_Size = 0x400

.isr_vector     0x0000000008000000       0xc0
                0x0000000008000000                . = ALIGN (0x4)
 *(.isr_vector)
 .isr_vector    0x0000000008000000       0xc0 ./Core/Startup/startup_stm32f042f4px.o
                0x0000000008000000                g_pfnVectors
                0x00000000080000c0                . = ALIGN (0x4)

.text           0x00000000080000c0     0x321c
                0x00000000080000c0                . = ALIGN (0x4)
 *(.text)
 .text          0x00000000080000c0       0x48 /opt/st/stm32cubeide_1.9.0/plugins/com.st.stm32cube.ide.mcu.externaltools.gnu-tools-for-stm32.10.3-2021.10.linux64_1.0.0.202111181127/tools/bin/../lib/gcc/arm-none-eabi/10.3.1/thumb/v6-m/nofp/crtbegin.o
 .text          0x0000000008000108      0x114 /opt/st/stm32cubeide_1.9.0/plugins/com.st.stm32cube.ide.mcu.externaltools.gnu-tools-for-stm32.10.3-2021.10.linux64_1.0.0.202111181127/tools/bin/../lib/gcc/arm-none-eabi/10.3.1/thumb/v6-m/nofp/libgcc.a(_udivsi3.o)
                0x0000000008000108                __udivsi3
                0x0000000008000108                __aeabi_uidiv
                0x0000000008000214                __aeabi_uidivmod
 .text          0x000000000800021c        0x4 /opt/st/stm32cubeide_1.9.0/plugins/com.st.stm32cube.ide.mcu.externaltools.gnu-tools-for-stm32.10.3-2021.10.linux64_1.0.0.202111181127/tools/bin/../lib/gcc/arm-none-eabi/10.3.1/thumb/v6-m/nofp/libgcc.a(_dvmd_tls.o)
                0x000000000800021c                __aeabi_ldiv0
                0x000000000800021c                __aeabi_idiv0
 *(.text*)
 .text.main     0x0000000008000220      0x3c8 ./Core/Src/main.o
                0x0000000008000220                main
 .text.SystemClock_Config
                0x00000000080005e8       0x86 ./Core/Src/main.o
                0x00000000080005e8                SystemClock_Config
 *fill*         0x000000000800066e        0x2 
 .text.MX_ADC_Init
                0x0000000008000670       0xb8 ./Core/Src/main.o
 .text.MX_CAN_Init
                0x0000000008000728       0xac ./Core/Src/main.o
 .text.MX_GPIO_Init
                0x00000000080007d4      0x100 ./Core/Src/main.o
 .text.sendCAN  0x00000000080008d4       0xbc ./Core/Src/main.o
                0x00000000080008d4                sendCAN
 .text.HAL_CAN_RxFifo0MsgPendingCallback
                0x0000000008000990       0x1a ./Core/Src/main.o
                0x0000000008000990                HAL_CAN_RxFifo0MsgPendingCallback
 .text.HAL_CAN_RxFifo1MsgPendingCallback
                0x00000000080009aa       0x1a ./Core/Src/main.o
                0x00000000080009aa                HAL_CAN_RxFifo1MsgPendingCallback
 .text.processCAN
                0x00000000080009c4       0x88 ./Core/Src/main.o
                0x00000000080009c4                processCAN
 .text.getChecksum
                0x0000000008000a4c       0x7a ./Core/Src/main.o
                0x0000000008000a4c                getChecksum
 .text.attachChecksum
                0x0000000008000ac6       0x40 ./Core/Src/main.o
                0x0000000008000ac6                attachChecksum
 .text.Error_Handler
                0x0000000008000b06        0xa ./Core/Src/main.o
                0x0000000008000b06                Error_Handler
 .text.HAL_MspInit
                0x0000000008000b10       0x58 ./Core/Src/stm32f0xx_hal_msp.o
                0x0000000008000b10                HAL_MspInit
 .text.HAL_ADC_MspInit
                0x0000000008000b68       0x8c ./Core/Src/stm32f0xx_hal_msp.o
                0x0000000008000b68                HAL_ADC_MspInit
 .text.HAL_CAN_MspInit
                0x0000000008000bf4       0xac ./Core/Src/stm32f0xx_hal_msp.o
                0x0000000008000bf4                HAL_CAN_MspInit
 .text.NMI_Handler
                0x0000000008000ca0        0x6 ./Core/Src/stm32f0xx_it.o
                0x0000000008000ca0                NMI_Handler
 .text.HardFault_Handler
                0x0000000008000ca6        0x6 ./Core/Src/stm32f0xx_it.o
                0x0000000008000ca6                HardFault_Handler
 .text.SVC_Handler
                0x0000000008000cac        0xa ./Core/Src/stm32f0xx_it.o
                0x0000000008000cac                SVC_Handler
 .text.PendSV_Handler
                0x0000000008000cb6        0xa ./Core/Src/stm32f0xx_it.o
                0x0000000008000cb6                PendSV_Handler
 .text.SysTick_Handler
                0x0000000008000cc0        0xe ./Core/Src/stm32f0xx_it.o
                0x0000000008000cc0                SysTick_Handler
 *fill*         0x0000000008000cce        0x2 
 .text.CEC_CAN_IRQHandler
                0x0000000008000cd0       0x18 ./Core/Src/stm32f0xx_it.o
                0x0000000008000cd0                CEC_CAN_IRQHandler
 .text.SystemInit
                0x0000000008000ce8        0xa ./Core/Src/system_stm32f0xx.o
                0x0000000008000ce8                SystemInit
 *fill*         0x0000000008000cf2        0x2 
 .text.Reset_Handler
                0x0000000008000cf4       0x80 ./Core/Startup/startup_stm32f042f4px.o
                0x0000000008000cf4                Reset_Handler
 .text.Default_Handler
                0x0000000008000d74        0x2 ./Core/Startup/startup_stm32f042f4px.o
                0x0000000008000d74                TIM1_CC_IRQHandler
                0x0000000008000d74                TSC_IRQHandler
                0x0000000008000d74                I2C1_IRQHandler
                0x0000000008000d74                RCC_CRS_IRQHandler
                0x0000000008000d74                SPI1_IRQHandler
                0x0000000008000d74                EXTI2_3_IRQHandler
                0x0000000008000d74                ADC1_IRQHandler
                0x0000000008000d74                TIM17_IRQHandler
                0x0000000008000d74                RTC_IRQHandler
                0x0000000008000d74                PVD_VDDIO2_IRQHandler
                0x0000000008000d74                TIM16_IRQHandler
                0x0000000008000d74                TIM3_IRQHandler
                0x0000000008000d74                EXTI4_15_IRQHandler
                0x0000000008000d74                DMA1_Channel1_IRQHandler
                0x0000000008000d74                Default_Handler
                0x0000000008000d74                TIM14_IRQHandler
                0x0000000008000d74                DMA1_Channel4_5_IRQHandler
                0x0000000008000d74                EXTI0_1_IRQHandler
                0x0000000008000d74                USB_IRQHandler
                0x0000000008000d74                SPI2_IRQHandler
                0x0000000008000d74                WWDG_IRQHandler
                0x0000000008000d74                TIM2_IRQHandler
                0x0000000008000d74                DMA1_Channel2_3_IRQHandler
                0x0000000008000d74                USART2_IRQHandler
                0x0000000008000d74                FLASH_IRQHandler
                0x0000000008000d74                USART1_IRQHandler
                0x0000000008000d74                TIM1_BRK_UP_TRG_COM_IRQHandler
 *fill*         0x0000000008000d76        0x2 
 .text.HAL_Init
                0x0000000008000d78       0x28 ./Drivers/STM32F0xx_HAL_Driver/Src/stm32f0xx_hal.o
                0x0000000008000d78                HAL_Init
 .text.HAL_InitTick
                0x0000000008000da0       0x68 ./Drivers/STM32F0xx_HAL_Driver/Src/stm32f0xx_hal.o
                0x0000000008000da0                HAL_InitTick
 .text.HAL_IncTick
                0x0000000008000e08       0x24 ./Drivers/STM32F0xx_HAL_Driver/Src/stm32f0xx_hal.o
                0x0000000008000e08                HAL_IncTick
 .text.HAL_GetTick
                0x0000000008000e2c       0x14 ./Drivers/STM32F0xx_HAL_Driver/Src/stm32f0xx_hal.o
                0x0000000008000e2c                HAL_GetTick
 .text.HAL_Delay
                0x0000000008000e40       0x48 ./Drivers/STM32F0xx_HAL_Driver/Src/stm32f0xx_hal.o
                0x0000000008000e40                HAL_Delay
 .text.HAL_ADC_Init
                0x0000000008000e88      0x280 ./Drivers/STM32F0xx_HAL_Driver/Src/stm32f0xx_hal_adc.o
                0x0000000008000e88                HAL_ADC_Init
 .text.HAL_ADC_Start
                0x0000000008001108       0xa8 ./Drivers/STM32F0xx_HAL_Driver/Src/stm32f0xx_hal_adc.o
                0x0000000008001108                HAL_ADC_Start
 .text.HAL_ADC_PollForConversion
                0x00000000080011b0      0x130 ./Drivers/STM32F0xx_HAL_Driver/Src/stm32f0xx_hal_adc.o
                0x00000000080011b0                HAL_ADC_PollForConversion
 .text.HAL_ADC_GetValue
                0x00000000080012e0       0x16 ./Drivers/STM32F0xx_HAL_Driver/Src/stm32f0xx_hal_adc.o
                0x00000000080012e0                HAL_ADC_GetValue
 *fill*         0x00000000080012f6        0x2 
 .text.HAL_ADC_ConfigChannel
                0x00000000080012f8      0x21c ./Drivers/STM32F0xx_HAL_Driver/Src/stm32f0xx_hal_adc.o
                0x00000000080012f8                HAL_ADC_ConfigChannel
 .text.ADC_Enable
                0x0000000008001514      0x108 ./Drivers/STM32F0xx_HAL_Driver/Src/stm32f0xx_hal_adc.o
 .text.HAL_CAN_Init
                0x000000000800161c      0x1fc ./Drivers/STM32F0xx_HAL_Driver/Src/stm32f0xx_hal_can.o
                0x000000000800161c                HAL_CAN_Init
 .text.HAL_CAN_ConfigFilter
                0x0000000008001818      0x1e4 ./Drivers/STM32F0xx_HAL_Driver/Src/stm32f0xx_hal_can.o
                0x0000000008001818                HAL_CAN_ConfigFilter
 .text.HAL_CAN_Start
                0x00000000080019fc       0x8c ./Drivers/STM32F0xx_HAL_Driver/Src/stm32f0xx_hal_can.o
                0x00000000080019fc                HAL_CAN_Start
 .text.HAL_CAN_AddTxMessage
                0x0000000008001a88      0x1bc ./Drivers/STM32F0xx_HAL_Driver/Src/stm32f0xx_hal_can.o
                0x0000000008001a88                HAL_CAN_AddTxMessage
 .text.HAL_CAN_GetTxMailboxesFreeLevel
                0x0000000008001c44       0x70 ./Drivers/STM32F0xx_HAL_Driver/Src/stm32f0xx_hal_can.o
                0x0000000008001c44                HAL_CAN_GetTxMailboxesFreeLevel
 .text.HAL_CAN_IsTxMessagePending
                0x0000000008001cb4       0x4e ./Drivers/STM32F0xx_HAL_Driver/Src/stm32f0xx_hal_can.o
                0x0000000008001cb4                HAL_CAN_IsTxMessagePending
 .text.HAL_CAN_GetRxMessage
                0x0000000008001d02      0x238 ./Drivers/STM32F0xx_HAL_Driver/Src/stm32f0xx_hal_can.o
                0x0000000008001d02                HAL_CAN_GetRxMessage
 .text.HAL_CAN_ActivateNotification
                0x0000000008001f3a       0x54 ./Drivers/STM32F0xx_HAL_Driver/Src/stm32f0xx_hal_can.o
                0x0000000008001f3a                HAL_CAN_ActivateNotification
 .text.HAL_CAN_IRQHandler
                0x0000000008001f8e      0x368 ./Drivers/STM32F0xx_HAL_Driver/Src/stm32f0xx_hal_can.o
                0x0000000008001f8e                HAL_CAN_IRQHandler
 .text.HAL_CAN_TxMailbox0CompleteCallback
                0x00000000080022f6       0x10 ./Drivers/STM32F0xx_HAL_Driver/Src/stm32f0xx_hal_can.o
                0x00000000080022f6                HAL_CAN_TxMailbox0CompleteCallback
 .text.HAL_CAN_TxMailbox1CompleteCallback
                0x0000000008002306       0x10 ./Drivers/STM32F0xx_HAL_Driver/Src/stm32f0xx_hal_can.o
                0x0000000008002306                HAL_CAN_TxMailbox1CompleteCallback
 .text.HAL_CAN_TxMailbox2CompleteCallback
                0x0000000008002316       0x10 ./Drivers/STM32F0xx_HAL_Driver/Src/stm32f0xx_hal_can.o
                0x0000000008002316                HAL_CAN_TxMailbox2CompleteCallback
 .text.HAL_CAN_TxMailbox0AbortCallback
                0x0000000008002326       0x10 ./Drivers/STM32F0xx_HAL_Driver/Src/stm32f0xx_hal_can.o
                0x0000000008002326                HAL_CAN_TxMailbox0AbortCallback
 .text.HAL_CAN_TxMailbox1AbortCallback
                0x0000000008002336       0x10 ./Drivers/STM32F0xx_HAL_Driver/Src/stm32f0xx_hal_can.o
                0x0000000008002336                HAL_CAN_TxMailbox1AbortCallback
 .text.HAL_CAN_TxMailbox2AbortCallback
                0x0000000008002346       0x10 ./Drivers/STM32F0xx_HAL_Driver/Src/stm32f0xx_hal_can.o
                0x0000000008002346                HAL_CAN_TxMailbox2AbortCallback
 .text.HAL_CAN_RxFifo0FullCallback
                0x0000000008002356       0x10 ./Drivers/STM32F0xx_HAL_Driver/Src/stm32f0xx_hal_can.o
                0x0000000008002356                HAL_CAN_RxFifo0FullCallback
 .text.HAL_CAN_RxFifo1FullCallback
                0x0000000008002366       0x10 ./Drivers/STM32F0xx_HAL_Driver/Src/stm32f0xx_hal_can.o
                0x0000000008002366                HAL_CAN_RxFifo1FullCallback
 .text.HAL_CAN_SleepCallback
                0x0000000008002376       0x10 ./Drivers/STM32F0xx_HAL_Driver/Src/stm32f0xx_hal_can.o
                0x0000000008002376                HAL_CAN_SleepCallback
 .text.HAL_CAN_WakeUpFromRxMsgCallback
                0x0000000008002386       0x10 ./Drivers/STM32F0xx_HAL_Driver/Src/stm32f0xx_hal_can.o
                0x0000000008002386                HAL_CAN_WakeUpFromRxMsgCallback
 .text.HAL_CAN_ErrorCallback
                0x0000000008002396       0x10 ./Drivers/STM32F0xx_HAL_Driver/Src/stm32f0xx_hal_can.o
                0x0000000008002396                HAL_CAN_ErrorCallback
 *fill*         0x00000000080023a6        0x2 
 .text.__NVIC_EnableIRQ
                0x00000000080023a8       0x34 ./Drivers/STM32F0xx_HAL_Driver/Src/stm32f0xx_hal_cortex.o
 .text.__NVIC_SetPriority
                0x00000000080023dc       0xdc ./Drivers/STM32F0xx_HAL_Driver/Src/stm32f0xx_hal_cortex.o
 .text.SysTick_Config
                0x00000000080024b8       0x48 ./Drivers/STM32F0xx_HAL_Driver/Src/stm32f0xx_hal_cortex.o
 .text.HAL_NVIC_SetPriority
                0x0000000008002500       0x2a ./Drivers/STM32F0xx_HAL_Driver/Src/stm32f0xx_hal_cortex.o
                0x0000000008002500                HAL_NVIC_SetPriority
 .text.HAL_NVIC_EnableIRQ
                0x000000000800252a       0x20 ./Drivers/STM32F0xx_HAL_Driver/Src/stm32f0xx_hal_cortex.o
                0x000000000800252a                HAL_NVIC_EnableIRQ
 .text.HAL_SYSTICK_Config
                0x000000000800254a       0x1a ./Drivers/STM32F0xx_HAL_Driver/Src/stm32f0xx_hal_cortex.o
                0x000000000800254a                HAL_SYSTICK_Config
 .text.HAL_GPIO_Init
                0x0000000008002564      0x2d0 ./Drivers/STM32F0xx_HAL_Driver/Src/stm32f0xx_hal_gpio.o
                0x0000000008002564                HAL_GPIO_Init
 .text.HAL_GPIO_ReadPin
                0x0000000008002834       0x3a ./Drivers/STM32F0xx_HAL_Driver/Src/stm32f0xx_hal_gpio.o
                0x0000000008002834                HAL_GPIO_ReadPin
 .text.HAL_GPIO_WritePin
                0x000000000800286e       0x3a ./Drivers/STM32F0xx_HAL_Driver/Src/stm32f0xx_hal_gpio.o
                0x000000000800286e                HAL_GPIO_WritePin
 .text.HAL_RCC_OscConfig
                0x00000000080028a8      0x70c ./Drivers/STM32F0xx_HAL_Driver/Src/stm32f0xx_hal_rcc.o
                0x00000000080028a8                HAL_RCC_OscConfig
 .text.HAL_RCC_ClockConfig
                0x0000000008002fb4      0x1b4 ./Drivers/STM32F0xx_HAL_Driver/Src/stm32f0xx_hal_rcc.o
                0x0000000008002fb4                HAL_RCC_ClockConfig
 .text.HAL_RCC_GetSysClockFreq
                0x0000000008003168      0x104 ./Drivers/STM32F0xx_HAL_Driver/Src/stm32f0xx_hal_rcc.o
                0x0000000008003168                HAL_RCC_GetSysClockFreq
 .text.__libc_init_array
                0x000000000800326c       0x48 /opt/st/stm32cubeide_1.9.0/plugins/com.st.stm32cube.ide.mcu.externaltools.gnu-tools-for-stm32.10.3-2021.10.linux64_1.0.0.202111181127/tools/bin/../lib/gcc/arm-none-eabi/10.3.1/../../../../arm-none-eabi/lib/thumb/v6-m/nofp/libc_nano.a(lib_a-init.o)
                0x000000000800326c                __libc_init_array
 .text.memset   0x00000000080032b4       0x10 /opt/st/stm32cubeide_1.9.0/plugins/com.st.stm32cube.ide.mcu.externaltools.gnu-tools-for-stm32.10.3-2021.10.linux64_1.0.0.202111181127/tools/bin/../lib/gcc/arm-none-eabi/10.3.1/../../../../arm-none-eabi/lib/thumb/v6-m/nofp/libc_nano.a(lib_a-memset.o)
                0x00000000080032b4                memset
 *(.glue_7)
 .glue_7        0x00000000080032c4        0x0 linker stubs
 *(.glue_7t)
 .glue_7t       0x00000000080032c4        0x0 linker stubs
 *(.eh_frame)
 .eh_frame      0x00000000080032c4        0x0 /opt/st/stm32cubeide_1.9.0/plugins/com.st.stm32cube.ide.mcu.externaltools.gnu-tools-for-stm32.10.3-2021.10.linux64_1.0.0.202111181127/tools/bin/../lib/gcc/arm-none-eabi/10.3.1/thumb/v6-m/nofp/crtbegin.o
 *(.init)
 .init          0x00000000080032c4        0x4 /opt/st/stm32cubeide_1.9.0/plugins/com.st.stm32cube.ide.mcu.externaltools.gnu-tools-for-stm32.10.3-2021.10.linux64_1.0.0.202111181127/tools/bin/../lib/gcc/arm-none-eabi/10.3.1/thumb/v6-m/nofp/crti.o
                0x00000000080032c4                _init
 .init          0x00000000080032c8        0x8 /opt/st/stm32cubeide_1.9.0/plugins/com.st.stm32cube.ide.mcu.externaltools.gnu-tools-for-stm32.10.3-2021.10.linux64_1.0.0.202111181127/tools/bin/../lib/gcc/arm-none-eabi/10.3.1/thumb/v6-m/nofp/crtn.o
 *(.fini)
 .fini          0x00000000080032d0        0x4 /opt/st/stm32cubeide_1.9.0/plugins/com.st.stm32cube.ide.mcu.externaltools.gnu-tools-for-stm32.10.3-2021.10.linux64_1.0.0.202111181127/tools/bin/../lib/gcc/arm-none-eabi/10.3.1/thumb/v6-m/nofp/crti.o
                0x00000000080032d0                _fini
 .fini          0x00000000080032d4        0x8 /opt/st/stm32cubeide_1.9.0/plugins/com.st.stm32cube.ide.mcu.externaltools.gnu-tools-for-stm32.10.3-2021.10.linux64_1.0.0.202111181127/tools/bin/../lib/gcc/arm-none-eabi/10.3.1/thumb/v6-m/nofp/crtn.o
                0x00000000080032dc                . = ALIGN (0x4)
                0x00000000080032dc                _etext = .

.vfp11_veneer   0x00000000080032dc        0x0
 .vfp11_veneer  0x00000000080032dc        0x0 linker stubs

.v4_bx          0x00000000080032dc        0x0
 .v4_bx         0x00000000080032dc        0x0 linker stubs

.iplt           0x00000000080032dc        0x0
 .iplt          0x00000000080032dc        0x0 /opt/st/stm32cubeide_1.9.0/plugins/com.st.stm32cube.ide.mcu.externaltools.gnu-tools-for-stm32.10.3-2021.10.linux64_1.0.0.202111181127/tools/bin/../lib/gcc/arm-none-eabi/10.3.1/thumb/v6-m/nofp/crtbegin.o

.rodata         0x00000000080032dc       0x30
                0x00000000080032dc                . = ALIGN (0x4)
 *(.rodata)
 .rodata        0x00000000080032dc       0x20 ./Drivers/STM32F0xx_HAL_Driver/Src/stm32f0xx_hal_rcc.o
 *(.rodata*)
 .rodata.AHBPrescTable
                0x00000000080032fc       0x10 ./Core/Src/system_stm32f0xx.o
                0x00000000080032fc                AHBPrescTable
                0x000000000800330c                . = ALIGN (0x4)

.rel.dyn        0x000000000800330c        0x0
 .rel.iplt      0x000000000800330c        0x0 /opt/st/stm32cubeide_1.9.0/plugins/com.st.stm32cube.ide.mcu.externaltools.gnu-tools-for-stm32.10.3-2021.10.linux64_1.0.0.202111181127/tools/bin/../lib/gcc/arm-none-eabi/10.3.1/thumb/v6-m/nofp/crtbegin.o

.ARM.extab      0x000000000800330c        0x0
                0x000000000800330c                . = ALIGN (0x4)
 *(.ARM.extab* .gnu.linkonce.armextab.*)
                0x000000000800330c                . = ALIGN (0x4)

.ARM            0x000000000800330c        0x0
                0x000000000800330c                . = ALIGN (0x4)
                0x000000000800330c                __exidx_start = .
 *(.ARM.exidx*)
                0x000000000800330c                __exidx_end = .
                0x000000000800330c                . = ALIGN (0x4)

.preinit_array  0x000000000800330c        0x0
                0x000000000800330c                . = ALIGN (0x4)
                0x000000000800330c                PROVIDE (__preinit_array_start = .)
 *(.preinit_array*)
                0x000000000800330c                PROVIDE (__preinit_array_end = .)
                0x000000000800330c                . = ALIGN (0x4)

.init_array     0x000000000800330c        0x4
                0x000000000800330c                . = ALIGN (0x4)
                0x000000000800330c                PROVIDE (__init_array_start = .)
 *(SORT_BY_NAME(.init_array.*))
 *(.init_array*)
 .init_array    0x000000000800330c        0x4 /opt/st/stm32cubeide_1.9.0/plugins/com.st.stm32cube.ide.mcu.externaltools.gnu-tools-for-stm32.10.3-2021.10.linux64_1.0.0.202111181127/tools/bin/../lib/gcc/arm-none-eabi/10.3.1/thumb/v6-m/nofp/crtbegin.o
                0x0000000008003310                PROVIDE (__init_array_end = .)
                0x0000000008003310                . = ALIGN (0x4)

.fini_array     0x0000000008003310        0x4
                0x0000000008003310                . = ALIGN (0x4)
                [!provide]                        PROVIDE (__fini_array_start = .)
 *(SORT_BY_NAME(.fini_array.*))
 *(.fini_array*)
 .fini_array    0x0000000008003310        0x4 /opt/st/stm32cubeide_1.9.0/plugins/com.st.stm32cube.ide.mcu.externaltools.gnu-tools-for-stm32.10.3-2021.10.linux64_1.0.0.202111181127/tools/bin/../lib/gcc/arm-none-eabi/10.3.1/thumb/v6-m/nofp/crtbegin.o
                [!provide]                        PROVIDE (__fini_array_end = .)
                0x0000000008003314                . = ALIGN (0x4)
                0x0000000008003314                _sidata = LOADADDR (.data)

.data           0x0000000020000000       0x10 load address 0x0000000008003314
                0x0000000020000000                . = ALIGN (0x4)
                0x0000000020000000                _sdata = .
 *(.data)
 *(.data*)
 .data.setSpeed
                0x0000000020000000        0x2 ./Core/Src/main.o
                0x0000000020000000                setSpeed
 *fill*         0x0000000020000002        0x2 
 .data.SystemCoreClock
                0x0000000020000004        0x4 ./Core/Src/system_stm32f0xx.o
                0x0000000020000004                SystemCoreClock
 .data.uwTickPrio
                0x0000000020000008        0x4 ./Drivers/STM32F0xx_HAL_Driver/Src/stm32f0xx_hal.o
                0x0000000020000008                uwTickPrio
 .data.uwTickFreq
                0x000000002000000c        0x1 ./Drivers/STM32F0xx_HAL_Driver/Src/stm32f0xx_hal.o
                0x000000002000000c                uwTickFreq
 *(.RamFunc)
 *(.RamFunc*)
                0x0000000020000010                . = ALIGN (0x4)
 *fill*         0x000000002000000d        0x3 
                0x0000000020000010                _edata = .

.igot.plt       0x0000000020000010        0x0 load address 0x0000000008003324
 .igot.plt      0x0000000020000010        0x0 /opt/st/stm32cubeide_1.9.0/plugins/com.st.stm32cube.ide.mcu.externaltools.gnu-tools-for-stm32.10.3-2021.10.linux64_1.0.0.202111181127/tools/bin/../lib/gcc/arm-none-eabi/10.3.1/thumb/v6-m/nofp/crtbegin.o
                0x0000000020000010                . = ALIGN (0x4)

.bss            0x0000000020000010       0xec load address 0x0000000008003324
                0x0000000020000010                _sbss = .
                0x0000000020000010                __bss_start__ = _sbss
 *(.bss)
 .bss           0x0000000020000010       0x1c /opt/st/stm32cubeide_1.9.0/plugins/com.st.stm32cube.ide.mcu.externaltools.gnu-tools-for-stm32.10.3-2021.10.linux64_1.0.0.202111181127/tools/bin/../lib/gcc/arm-none-eabi/10.3.1/thumb/v6-m/nofp/crtbegin.o
 *(.bss*)
 .bss.hadc      0x000000002000002c       0x40 ./Core/Src/main.o
                0x000000002000002c                hadc
 .bss.hcan      0x000000002000006c       0x28 ./Core/Src/main.o
                0x000000002000006c                hcan
 .bss.canfil    0x0000000020000094       0x28 ./Core/Src/main.o
                0x0000000020000094                canfil
 .bss.txMailbox
                0x00000000200000bc        0x4 ./Core/Src/main.o
                0x00000000200000bc                txMailbox
 .bss.cruiseOn  0x00000000200000c0        0x1 ./Core/Src/main.o
                0x00000000200000c0                cruiseOn
 *fill*         0x00000000200000c1        0x1 
 .bss.lastSpeed
                0x00000000200000c2        0x2 ./Core/Src/main.o
                0x00000000200000c2                lastSpeed
 .bss.currentSpeed
                0x00000000200000c4        0x2 ./Core/Src/main.o
                0x00000000200000c4                currentSpeed
 .bss.errors    0x00000000200000c6        0x1 ./Core/Src/main.o
                0x00000000200000c6                errors
 .bss.ignition  0x00000000200000c7        0x1 ./Core/Src/main.o
                0x00000000200000c7                ignition
 .bss.lastSeen  0x00000000200000c8        0x4 ./Core/Src/main.o
                0x00000000200000c8                lastSeen
 .bss.bigHopped
                0x00000000200000cc        0x1 ./Core/Src/main.o
                0x00000000200000cc                bigHopped
 .bss.lastState
                0x00000000200000cd        0x1 ./Core/Src/main.o
                0x00000000200000cd                lastState
 .bss.stateChanged
                0x00000000200000ce        0x1 ./Core/Src/main.o
                0x00000000200000ce                stateChanged
 *fill*         0x00000000200000cf        0x1 
 .bss.controlsPressed
                0x00000000200000d0        0x4 ./Core/Src/main.o
                0x00000000200000d0                controlsPressed
 .bss.controlsPressedTime
                0x00000000200000d4       0x10 ./Core/Src/main.o
                0x00000000200000d4                controlsPressedTime
 .bss.signalLights
                0x00000000200000e4        0x2 ./Core/Src/main.o
                0x00000000200000e4                signalLights
 *fill*         0x00000000200000e6        0x2 
 .bss.PCM_CRUISE_MSG
                0x00000000200000e8        0x8 ./Core/Src/main.o
                0x00000000200000e8                PCM_CRUISE_MSG
 .bss.PCM_CRUISE_2_MSG
                0x00000000200000f0        0x8 ./Core/Src/main.o
                0x00000000200000f0                PCM_CRUISE_2_MSG
 .bss.uwTick    0x00000000200000f8        0x4 ./Drivers/STM32F0xx_HAL_Driver/Src/stm32f0xx_hal.o
                0x00000000200000f8                uwTick
 *(COMMON)
                0x00000000200000fc                . = ALIGN (0x4)
                0x00000000200000fc                _ebss = .
                0x00000000200000fc                __bss_end__ = _ebss

._user_heap_stack
                0x00000000200000fc      0x604 load address 0x0000000008003324
                0x0000000020000100                . = ALIGN (0x8)
 *fill*         0x00000000200000fc        0x4 
                [!provide]                        PROVIDE (end = .)
                0x0000000020000100                PROVIDE (_end = .)
                0x0000000020000300                . = (. + _Min_Heap_Size)
 *fill*         0x0000000020000100      0x200 
                0x0000000020000700                . = (. + _Min_Stack_Size)
 *fill*         0x0000000020000300      0x400 
                0x0000000020000700                . = ALIGN (0x8)

/DISCARD/
 libc.a(*)
 libm.a(*)
 libgcc.a(*)

.ARM.attributes
                0x0000000000000000       0x28
 *(.ARM.attributes)
 .ARM.attributes
                0x0000000000000000       0x1e /opt/st/stm32cubeide_1.9.0/plugins/com.st.stm32cube.ide.mcu.externaltools.gnu-tools-for-stm32.10.3-2021.10.linux64_1.0.0.202111181127/tools/bin/../lib/gcc/arm-none-eabi/10.3.1/thumb/v6-m/nofp/crti.o
 .ARM.attributes
                0x000000000000001e       0x2c /opt/st/stm32cubeide_1.9.0/plugins/com.st.stm32cube.ide.mcu.externaltools.gnu-tools-for-stm32.10.3-2021.10.linux64_1.0.0.202111181127/tools/bin/../lib/gcc/arm-none-eabi/10.3.1/thumb/v6-m/nofp/crtbegin.o
 .ARM.attributes
                0x000000000000004a       0x2c ./Core/Src/main.o
 .ARM.attributes
                0x0000000000000076       0x2c ./Core/Src/stm32f0xx_hal_msp.o
 .ARM.attributes
                0x00000000000000a2       0x2c ./Core/Src/stm32f0xx_it.o
 .ARM.attributes
                0x00000000000000ce       0x2c ./Core/Src/system_stm32f0xx.o
 .ARM.attributes
                0x00000000000000fa       0x21 ./Core/Startup/startup_stm32f042f4px.o
 .ARM.attributes
                0x000000000000011b       0x2c ./Drivers/STM32F0xx_HAL_Driver/Src/stm32f0xx_hal.o
 .ARM.attributes
                0x0000000000000147       0x2c ./Drivers/STM32F0xx_HAL_Driver/Src/stm32f0xx_hal_adc.o
 .ARM.attributes
                0x0000000000000173       0x2c ./Drivers/STM32F0xx_HAL_Driver/Src/stm32f0xx_hal_can.o
 .ARM.attributes
                0x000000000000019f       0x2c ./Drivers/STM32F0xx_HAL_Driver/Src/stm32f0xx_hal_cortex.o
 .ARM.attributes
                0x00000000000001cb       0x2c ./Drivers/STM32F0xx_HAL_Driver/Src/stm32f0xx_hal_gpio.o
 .ARM.attributes
                0x00000000000001f7       0x2c ./Drivers/STM32F0xx_HAL_Driver/Src/stm32f0xx_hal_rcc.o
 .ARM.attributes
                0x0000000000000223       0x2c /opt/st/stm32cubeide_1.9.0/plugins/com.st.stm32cube.ide.mcu.externaltools.gnu-tools-for-stm32.10.3-2021.10.linux64_1.0.0.202111181127/tools/bin/../lib/gcc/arm-none-eabi/10.3.1/../../../../arm-none-eabi/lib/thumb/v6-m/nofp/libc_nano.a(lib_a-init.o)
 .ARM.attributes
                0x000000000000024f       0x2c /opt/st/stm32cubeide_1.9.0/plugins/com.st.stm32cube.ide.mcu.externaltools.gnu-tools-for-stm32.10.3-2021.10.linux64_1.0.0.202111181127/tools/bin/../lib/gcc/arm-none-eabi/10.3.1/../../../../arm-none-eabi/lib/thumb/v6-m/nofp/libc_nano.a(lib_a-memset.o)
 .ARM.attributes
                0x000000000000027b       0x1e /opt/st/stm32cubeide_1.9.0/plugins/com.st.stm32cube.ide.mcu.externaltools.gnu-tools-for-stm32.10.3-2021.10.linux64_1.0.0.202111181127/tools/bin/../lib/gcc/arm-none-eabi/10.3.1/thumb/v6-m/nofp/libgcc.a(_udivsi3.o)
 .ARM.attributes
                0x0000000000000299       0x1e /opt/st/stm32cubeide_1.9.0/plugins/com.st.stm32cube.ide.mcu.externaltools.gnu-tools-for-stm32.10.3-2021.10.linux64_1.0.0.202111181127/tools/bin/../lib/gcc/arm-none-eabi/10.3.1/thumb/v6-m/nofp/libgcc.a(_dvmd_tls.o)
 .ARM.attributes
                0x00000000000002b7       0x1e /opt/st/stm32cubeide_1.9.0/plugins/com.st.stm32cube.ide.mcu.externaltools.gnu-tools-for-stm32.10.3-2021.10.linux64_1.0.0.202111181127/tools/bin/../lib/gcc/arm-none-eabi/10.3.1/thumb/v6-m/nofp/crtn.o
OUTPUT(micro_stalk.elf elf32-littlearm)
LOAD linker stubs
LOAD /opt/st/stm32cubeide_1.9.0/plugins/com.st.stm32cube.ide.mcu.externaltools.gnu-tools-for-stm32.10.3-2021.10.linux64_1.0.0.202111181127/tools/bin/../lib/gcc/arm-none-eabi/10.3.1/../../../../arm-none-eabi/lib/thumb/v6-m/nofp/libc.a
LOAD /opt/st/stm32cubeide_1.9.0/plugins/com.st.stm32cube.ide.mcu.externaltools.gnu-tools-for-stm32.10.3-2021.10.linux64_1.0.0.202111181127/tools/bin/../lib/gcc/arm-none-eabi/10.3.1/../../../../arm-none-eabi/lib/thumb/v6-m/nofp/libm.a
LOAD /opt/st/stm32cubeide_1.9.0/plugins/com.st.stm32cube.ide.mcu.externaltools.gnu-tools-for-stm32.10.3-2021.10.linux64_1.0.0.202111181127/tools/bin/../lib/gcc/arm-none-eabi/10.3.1/thumb/v6-m/nofp/libgcc.a

.debug_info     0x0000000000000000     0x642c
 .debug_info    0x0000000000000000     0x15b6 ./Core/Src/main.o
 .debug_info    0x00000000000015b6      0xde7 ./Core/Src/stm32f0xx_hal_msp.o
 .debug_info    0x000000000000239d      0x4f8 ./Core/Src/stm32f0xx_it.o
 .debug_info    0x0000000000002895      0x269 ./Core/Src/system_stm32f0xx.o
 .debug_info    0x0000000000002afe       0x22 ./Core/Startup/startup_stm32f042f4px.o
 .debug_info    0x0000000000002b20      0x6d3 ./Drivers/STM32F0xx_HAL_Driver/Src/stm32f0xx_hal.o
 .debug_info    0x00000000000031f3      0xcfd ./Drivers/STM32F0xx_HAL_Driver/Src/stm32f0xx_hal_adc.o
 .debug_info    0x0000000000003ef0      0xf63 ./Drivers/STM32F0xx_HAL_Driver/Src/stm32f0xx_hal_can.o
 .debug_info    0x0000000000004e53      0x705 ./Drivers/STM32F0xx_HAL_Driver/Src/stm32f0xx_hal_cortex.o
 .debug_info    0x0000000000005558      0x628 ./Drivers/STM32F0xx_HAL_Driver/Src/stm32f0xx_hal_gpio.o
 .debug_info    0x0000000000005b80      0x8ac ./Drivers/STM32F0xx_HAL_Driver/Src/stm32f0xx_hal_rcc.o

.debug_abbrev   0x0000000000000000     0x1477
 .debug_abbrev  0x0000000000000000      0x301 ./Core/Src/main.o
 .debug_abbrev  0x0000000000000301      0x1e3 ./Core/Src/stm32f0xx_hal_msp.o
 .debug_abbrev  0x00000000000004e4      0x163 ./Core/Src/stm32f0xx_it.o
 .debug_abbrev  0x0000000000000647      0x116 ./Core/Src/system_stm32f0xx.o
 .debug_abbrev  0x000000000000075d       0x12 ./Core/Startup/startup_stm32f042f4px.o
 .debug_abbrev  0x000000000000076f      0x23f ./Drivers/STM32F0xx_HAL_Driver/Src/stm32f0xx_hal.o
 .debug_abbrev  0x00000000000009ae      0x243 ./Drivers/STM32F0xx_HAL_Driver/Src/stm32f0xx_hal_adc.o
 .debug_abbrev  0x0000000000000bf1      0x1c5 ./Drivers/STM32F0xx_HAL_Driver/Src/stm32f0xx_hal_can.o
 .debug_abbrev  0x0000000000000db6      0x283 ./Drivers/STM32F0xx_HAL_Driver/Src/stm32f0xx_hal_cortex.o
 .debug_abbrev  0x0000000000001039      0x1bb ./Drivers/STM32F0xx_HAL_Driver/Src/stm32f0xx_hal_gpio.o
 .debug_abbrev  0x00000000000011f4      0x283 ./Drivers/STM32F0xx_HAL_Driver/Src/stm32f0xx_hal_rcc.o

.debug_aranges  0x0000000000000000      0x5e8
 .debug_aranges
                0x0000000000000000       0x78 ./Core/Src/main.o
 .debug_aranges
                0x0000000000000078       0x40 ./Core/Src/stm32f0xx_hal_msp.o
 .debug_aranges
                0x00000000000000b8       0x48 ./Core/Src/stm32f0xx_it.o
 .debug_aranges
                0x0000000000000100       0x28 ./Core/Src/system_stm32f0xx.o
 .debug_aranges
                0x0000000000000128       0x28 ./Core/Startup/startup_stm32f042f4px.o
 .debug_aranges
                0x0000000000000150       0xd0 ./Drivers/STM32F0xx_HAL_Driver/Src/stm32f0xx_hal.o
 .debug_aranges
                0x0000000000000220       0xf8 ./Drivers/STM32F0xx_HAL_Driver/Src/stm32f0xx_hal_adc.o
 .debug_aranges
                0x0000000000000318      0x138 ./Drivers/STM32F0xx_HAL_Driver/Src/stm32f0xx_hal_can.o
 .debug_aranges
                0x0000000000000450       0xc0 ./Drivers/STM32F0xx_HAL_Driver/Src/stm32f0xx_hal_cortex.o
 .debug_aranges
                0x0000000000000510       0x58 ./Drivers/STM32F0xx_HAL_Driver/Src/stm32f0xx_hal_gpio.o
 .debug_aranges
                0x0000000000000568       0x80 ./Drivers/STM32F0xx_HAL_Driver/Src/stm32f0xx_hal_rcc.o

.debug_ranges   0x0000000000000000      0x540
 .debug_ranges  0x0000000000000000       0x68 ./Core/Src/main.o
 .debug_ranges  0x0000000000000068       0x30 ./Core/Src/stm32f0xx_hal_msp.o
 .debug_ranges  0x0000000000000098       0x38 ./Core/Src/stm32f0xx_it.o
 .debug_ranges  0x00000000000000d0       0x18 ./Core/Src/system_stm32f0xx.o
 .debug_ranges  0x00000000000000e8       0x20 ./Core/Startup/startup_stm32f042f4px.o
 .debug_ranges  0x0000000000000108       0xc0 ./Drivers/STM32F0xx_HAL_Driver/Src/stm32f0xx_hal.o
 .debug_ranges  0x00000000000001c8       0xe8 ./Drivers/STM32F0xx_HAL_Driver/Src/stm32f0xx_hal_adc.o
 .debug_ranges  0x00000000000002b0      0x128 ./Drivers/STM32F0xx_HAL_Driver/Src/stm32f0xx_hal_can.o
 .debug_ranges  0x00000000000003d8       0xb0 ./Drivers/STM32F0xx_HAL_Driver/Src/stm32f0xx_hal_cortex.o
 .debug_ranges  0x0000000000000488       0x48 ./Drivers/STM32F0xx_HAL_Driver/Src/stm32f0xx_hal_gpio.o
 .debug_ranges  0x00000000000004d0       0x70 ./Drivers/STM32F0xx_HAL_Driver/Src/stm32f0xx_hal_rcc.o

.debug_macro    0x0000000000000000    0x17444
 .debug_macro   0x0000000000000000      0x1e6 ./Core/Src/main.o
 .debug_macro   0x00000000000001e6      0xa4e ./Core/Src/main.o
 .debug_macro   0x0000000000000c34      0x133 ./Core/Src/main.o
 .debug_macro   0x0000000000000d67       0x2e ./Core/Src/main.o
 .debug_macro   0x0000000000000d95       0x22 ./Core/Src/main.o
 .debug_macro   0x0000000000000db7       0x22 ./Core/Src/main.o
 .debug_macro   0x0000000000000dd9       0x8e ./Core/Src/main.o
 .debug_macro   0x0000000000000e67       0x51 ./Core/Src/main.o
 .debug_macro   0x0000000000000eb8      0x103 ./Core/Src/main.o
 .debug_macro   0x0000000000000fbb       0x6a ./Core/Src/main.o
 .debug_macro   0x0000000000001025      0x1df ./Core/Src/main.o
 .debug_macro   0x0000000000001204       0x1c ./Core/Src/main.o
 .debug_macro   0x0000000000001220       0x22 ./Core/Src/main.o
 .debug_macro   0x0000000000001242       0xaf ./Core/Src/main.o
 .debug_macro   0x00000000000012f1      0x391 ./Core/Src/main.o
 .debug_macro   0x0000000000001682     0xf1ed ./Core/Src/main.o
 .debug_macro   0x000000000001086f       0x66 ./Core/Src/main.o
 .debug_macro   0x00000000000108d5     0x34a6 ./Core/Src/main.o
 .debug_macro   0x0000000000013d7b      0x174 ./Core/Src/main.o
 .debug_macro   0x0000000000013eef       0x55 ./Core/Src/main.o
 .debug_macro   0x0000000000013f44      0x946 ./Core/Src/main.o
 .debug_macro   0x000000000001488a      0x46b ./Core/Src/main.o
 .debug_macro   0x0000000000014cf5      0x1af ./Core/Src/main.o
 .debug_macro   0x0000000000014ea4      0x130 ./Core/Src/main.o
 .debug_macro   0x0000000000014fd4      0x199 ./Core/Src/main.o
 .debug_macro   0x000000000001516d      0x1ed ./Core/Src/main.o
 .debug_macro   0x000000000001535a       0x34 ./Core/Src/main.o
 .debug_macro   0x000000000001538e       0x43 ./Core/Src/main.o
 .debug_macro   0x00000000000153d1       0x28 ./Core/Src/main.o
 .debug_macro   0x00000000000153f9      0x33d ./Core/Src/main.o
 .debug_macro   0x0000000000015736       0xce ./Core/Src/main.o
 .debug_macro   0x0000000000015804      0x408 ./Core/Src/main.o
 .debug_macro   0x0000000000015c0c       0xb0 ./Core/Src/main.o
 .debug_macro   0x0000000000015cbc      0x182 ./Core/Src/main.o
 .debug_macro   0x0000000000015e3e      0x22c ./Core/Src/main.o
 .debug_macro   0x000000000001606a       0x61 ./Core/Src/main.o
 .debug_macro   0x00000000000160cb       0xa5 ./Core/Src/main.o
 .debug_macro   0x0000000000016170       0x4c ./Core/Src/main.o
 .debug_macro   0x00000000000161bc      0x15b ./Core/Src/main.o
 .debug_macro   0x0000000000016317      0x12e ./Core/Src/main.o
 .debug_macro   0x0000000000016445      0x1c2 ./Core/Src/stm32f0xx_hal_msp.o
 .debug_macro   0x0000000000016607      0x1cc ./Core/Src/stm32f0xx_it.o
 .debug_macro   0x00000000000167d3      0x1b8 ./Core/Src/system_stm32f0xx.o
 .debug_macro   0x000000000001698b      0x1dc ./Drivers/STM32F0xx_HAL_Driver/Src/stm32f0xx_hal.o
 .debug_macro   0x0000000000016b67      0x1dc ./Drivers/STM32F0xx_HAL_Driver/Src/stm32f0xx_hal_adc.o
 .debug_macro   0x0000000000016d43      0x1c0 ./Drivers/STM32F0xx_HAL_Driver/Src/stm32f0xx_hal_can.o
 .debug_macro   0x0000000000016f03      0x1b8 ./Drivers/STM32F0xx_HAL_Driver/Src/stm32f0xx_hal_cortex.o
 .debug_macro   0x00000000000170bb      0x1bf ./Drivers/STM32F0xx_HAL_Driver/Src/stm32f0xx_hal_gpio.o
 .debug_macro   0x000000000001727a      0x1ca ./Drivers/STM32F0xx_HAL_Driver/Src/stm32f0xx_hal_rcc.o

.debug_line     0x0000000000000000     0x6da0
 .debug_line    0x0000000000000000      0xaad ./Core/Src/main.o
 .debug_line    0x0000000000000aad      0x72b ./Core/Src/stm32f0xx_hal_msp.o
 .debug_line    0x00000000000011d8      0x710 ./Core/Src/stm32f0xx_it.o
 .debug_line    0x00000000000018e8      0x71b ./Core/Src/system_stm32f0xx.o
 .debug_line    0x0000000000002003       0x9b ./Core/Startup/startup_stm32f042f4px.o
 .debug_line    0x000000000000209e      0x90e ./Drivers/STM32F0xx_HAL_Driver/Src/stm32f0xx_hal.o
 .debug_line    0x00000000000029ac     0x1154 ./Drivers/STM32F0xx_HAL_Driver/Src/stm32f0xx_hal_adc.o
 .debug_line    0x0000000000003b00     0x10d2 ./Drivers/STM32F0xx_HAL_Driver/Src/stm32f0xx_hal_can.o
 .debug_line    0x0000000000004bd2      0x9ba ./Drivers/STM32F0xx_HAL_Driver/Src/stm32f0xx_hal_cortex.o
 .debug_line    0x000000000000558c      0xa78 ./Drivers/STM32F0xx_HAL_Driver/Src/stm32f0xx_hal_gpio.o
 .debug_line    0x0000000000006004      0xd9c ./Drivers/STM32F0xx_HAL_Driver/Src/stm32f0xx_hal_rcc.o

.debug_str      0x0000000000000000    0x861a2
 .debug_str     0x0000000000000000    0x84f6c ./Core/Src/main.o
                                      0x8529a (size before relaxing)
 .debug_str     0x0000000000084f6c      0x217 ./Core/Src/stm32f0xx_hal_msp.o
                                      0x84d93 (size before relaxing)
 .debug_str     0x0000000000085183       0xa8 ./Core/Src/stm32f0xx_it.o
                                      0x847c5 (size before relaxing)
 .debug_str     0x000000000008522b       0x8b ./Core/Src/system_stm32f0xx.o
                                      0x84564 (size before relaxing)
 .debug_str     0x00000000000852b6       0x36 ./Core/Startup/startup_stm32f042f4px.o
                                         0x6e (size before relaxing)
 .debug_str     0x00000000000852ec      0x36e ./Drivers/STM32F0xx_HAL_Driver/Src/stm32f0xx_hal.o
                                      0x84b13 (size before relaxing)
 .debug_str     0x000000000008565a      0x356 ./Drivers/STM32F0xx_HAL_Driver/Src/stm32f0xx_hal_adc.o
                                      0x84c61 (size before relaxing)
 .debug_str     0x00000000000859b0      0x374 ./Drivers/STM32F0xx_HAL_Driver/Src/stm32f0xx_hal_can.o
                                      0x84d35 (size before relaxing)
 .debug_str     0x0000000000085d24      0x179 ./Drivers/STM32F0xx_HAL_Driver/Src/stm32f0xx_hal_cortex.o
                                      0x84904 (size before relaxing)
 .debug_str     0x0000000000085e9d       0xeb ./Drivers/STM32F0xx_HAL_Driver/Src/stm32f0xx_hal_gpio.o
                                      0x84705 (size before relaxing)
 .debug_str     0x0000000000085f88      0x21a ./Drivers/STM32F0xx_HAL_Driver/Src/stm32f0xx_hal_rcc.o
                                      0x849ab (size before relaxing)

.comment        0x0000000000000000       0x50
 .comment       0x0000000000000000       0x50 ./Core/Src/main.o
                                         0x51 (size before relaxing)
 .comment       0x0000000000000050       0x51 ./Core/Src/stm32f0xx_hal_msp.o
 .comment       0x0000000000000050       0x51 ./Core/Src/stm32f0xx_it.o
 .comment       0x0000000000000050       0x51 ./Core/Src/system_stm32f0xx.o
 .comment       0x0000000000000050       0x51 ./Drivers/STM32F0xx_HAL_Driver/Src/stm32f0xx_hal.o
 .comment       0x0000000000000050       0x51 ./Drivers/STM32F0xx_HAL_Driver/Src/stm32f0xx_hal_adc.o
 .comment       0x0000000000000050       0x51 ./Drivers/STM32F0xx_HAL_Driver/Src/stm32f0xx_hal_can.o
 .comment       0x0000000000000050       0x51 ./Drivers/STM32F0xx_HAL_Driver/Src/stm32f0xx_hal_cortex.o
 .comment       0x0000000000000050       0x51 ./Drivers/STM32F0xx_HAL_Driver/Src/stm32f0xx_hal_gpio.o
 .comment       0x0000000000000050       0x51 ./Drivers/STM32F0xx_HAL_Driver/Src/stm32f0xx_hal_rcc.o

.debug_frame    0x0000000000000000     0x13cc
 .debug_frame   0x0000000000000000      0x190 ./Core/Src/main.o
 .debug_frame   0x0000000000000190       0xb0 ./Core/Src/stm32f0xx_hal_msp.o
 .debug_frame   0x0000000000000240       0xb8 ./Core/Src/stm32f0xx_it.o
 .debug_frame   0x00000000000002f8       0x4c ./Core/Src/system_stm32f0xx.o
 .debug_frame   0x0000000000000344      0x2a4 ./Drivers/STM32F0xx_HAL_Driver/Src/stm32f0xx_hal.o
 .debug_frame   0x00000000000005e8      0x3a0 ./Drivers/STM32F0xx_HAL_Driver/Src/stm32f0xx_hal_adc.o
 .debug_frame   0x0000000000000988      0x490 ./Drivers/STM32F0xx_HAL_Driver/Src/stm32f0xx_hal_can.o
 .debug_frame   0x0000000000000e18      0x2a0 ./Drivers/STM32F0xx_HAL_Driver/Src/stm32f0xx_hal_cortex.o
 .debug_frame   0x00000000000010b8      0x110 ./Drivers/STM32F0xx_HAL_Driver/Src/stm32f0xx_hal_gpio.o
 .debug_frame   0x00000000000011c8      0x198 ./Drivers/STM32F0xx_HAL_Driver/Src/stm32f0xx_hal_rcc.o
 .debug_frame   0x0000000000001360       0x2c /opt/st/stm32cubeide_1.9.0/plugins/com.st.stm32cube.ide.mcu.externaltools.gnu-tools-for-stm32.10.3-2021.10.linux64_1.0.0.202111181127/tools/bin/../lib/gcc/arm-none-eabi/10.3.1/../../../../arm-none-eabi/lib/thumb/v6-m/nofp/libc_nano.a(lib_a-init.o)
 .debug_frame   0x000000000000138c       0x20 /opt/st/stm32cubeide_1.9.0/plugins/com.st.stm32cube.ide.mcu.externaltools.gnu-tools-for-stm32.10.3-2021.10.linux64_1.0.0.202111181127/tools/bin/../lib/gcc/arm-none-eabi/10.3.1/../../../../arm-none-eabi/lib/thumb/v6-m/nofp/libc_nano.a(lib_a-memset.o)
 .debug_frame   0x00000000000013ac       0x20 /opt/st/stm32cubeide_1.9.0/plugins/com.st.stm32cube.ide.mcu.externaltools.gnu-tools-for-stm32.10.3-2021.10.linux64_1.0.0.202111181127/tools/bin/../lib/gcc/arm-none-eabi/10.3.1/thumb/v6-m/nofp/libgcc.a(_udivsi3.o)
