../Core/Src/main.c:102:5:main	32	static
../Core/Src/main.c:265:6:SystemClock_Config	88	static
../Core/Src/main.c:302:13:MX_ADC_Init	24	static
../Core/Src/main.c:356:13:MX_CAN_Init	8	static
../Core/Src/main.c:401:13:MX_GPIO_Init	48	static
../Core/Src/main.c:439:10:sendCAN	64	static
../Core/Src/main.c:466:6:HAL_CAN_RxFifo0MsgPendingCallback	16	static
../Core/Src/main.c:470:6:HAL_CAN_RxFifo1MsgPendingCallback	16	static
../Core/Src/main.c:474:6:processCAN	64	static
../Core/Src/main.c:491:5:getChecksum	24	static
../Core/Src/main.c:500:6:attachChecksum	16	static
../Core/Src/main.c:510:6:Error_Handler	8	static,ignoring_inline_asm
